=== RADS Installation Test ===

Step 1: Checking if rads executable exists...
✓ rads executable found
-rwxr-xr-x 1 zarigata zarigata 87K Jan  9 19:32 ./rads

Step 2: Testing rads --version...
RADS v0.1.0-alpha
Rapid Asynchronous Data Server Language
Built: Jan  9 2026 19:12:21

Step 3: Testing rads --help...
RADS Programming Language v0.1.0-alpha
Usage: rads [options] <file>

Options:
  -h, --help     Show this help message
  -v, --version  Show version information
  -t, --tokens   Print tokens (lexer test mode)


Step 4: Running hello_world.rads...
[NET] stdlib_net_register
[PARSE] decl start token=BLAST line=4 col=1
🚀 RADS v0.1.0-alpha
Executing: examples/hello_world.rads

Hello, RADS World! 🚀
Welcome to the future of retro computing!

Step 5: Running test.rads...
[NET] stdlib_net_register
[PARSE] decl start token=BLAST line=2 col=1
🚀 RADS v0.1.0-alpha
Executing: test.rads


=== Test Complete ===
